************************************************************************************
DNN Classifier
BTCUSDT-1h
Test Laps = 10
neg_cutoff=0.4
pos_cutoff=0.6

======
Accuracy mean: 0.6303658730488997, std: 0.03041679276859889
Coverage mean: 0.03443416370106762, std: 0.01617603670004285
======
************************************************************************************